2026-07-13 13:17:17,663 INFO o.a.j.u.JMeterUtils: Setting Locale to en_EN
2026-07-13 13:17:17,888 INFO o.a.j.JMeter: Loading user properties from: C:\Users\LENOVO L13 YOGA\AppData\Local\Temp\opencode\jmeter\apache-jmeter-5.6.3\bin\user.properties
2026-07-13 13:17:17,907 INFO o.a.j.JMeter: Loading system properties from: C:\Users\LENOVO L13 YOGA\AppData\Local\Temp\opencode\jmeter\apache-jmeter-5.6.3\bin\system.properties
2026-07-13 13:17:17,907 INFO o.a.j.JMeter: Setting JMeter property: concurrency=10
2026-07-13 13:17:17,908 INFO o.a.j.JMeter: Setting JMeter property: duration=10
2026-07-13 13:17:17,908 INFO o.a.j.JMeter: Setting JMeter property: rampup=2
2026-07-13 13:17:17,913 INFO o.a.j.JMeter: Setting JMeter property: target=api-gateway
2026-07-13 13:17:17,915 INFO o.a.j.JMeter: Setting JMeter property: port=8888
2026-07-13 13:17:17,919 INFO o.a.j.JMeter: Setting JMeter property: ACCESS_TOKEN=eyJhbGciOiJSUzI1NiIsInR5cCIgOiAiSldUIiwia2lkIiA6ICI0R2JZRXZhbkZLeFBwc01TbkNHc2hZT0NHMFI0RHFPVDZXRFlMQlNMWmxrIn0.eyJleHAiOjE3ODM5MjM2NjcsImlhdCI6MTc4MzkyMzM2NywianRpIjoidHJydGNjOjg2MWQ4ZDE2LTg5OGQtNmRhMi1mZjU1LWE0NzY1NzFjNTdmNiIsImlzcyI6Imh0dHA6Ly9rZXljbG9hazo4MDgwL3JlYWxtcy9zcHJpbmctYm9vdC1taWNyby1zZXJ2aWNlcy1yZWFsbSIsImF1ZCI6ImFjY291bnQiLCJzdWIiOiI2N2Q5MjlmOC02NjVkLTRmYWQtYjYwZC05MjE2NzYwNmY5YmMiLCJ0eXAiOiJCZWFyZXIiLCJhenAiOiJzcHJpbmctY2xvdWQtY2xpZW50IiwiYWNyIjoiMSIsImFsbG93ZWQtb3JpZ2lucyI6WyIvKiJdLCJyZWFsbV9hY2Nlc3MiOnsicm9sZXMiOlsiZGVmYXVsdC1yb2xlcy1zcHJpbmctYm9vdC1taWNyby1zZXJ2aWNlcy1yZWFsbSIsIm9mZmxpbmVfYWNjZXNzIiwidW1hX2F1dGhvcml6YXRpb24iXX0sInJlc291cmNlX2FjY2VzcyI6eyJhY2NvdW50Ijp7InJvbGVzIjpbIm1hbmFnZS1hY2NvdW50IiwibWFuYWdlLWFjY291bnQtbGlua3MiLCJ2aWV3LXByb2ZpbGUiXX19LCJzY29wZSI6InByb2ZpbGUgZW1haWwiLCJjbGllbnRIb3N0IjoiMTcyLjIzLjAuMSIsImVtYWlsX3ZlcmlmaWVkIjpmYWxzZSwicHJlZmVycmVkX3VzZXJuYW1lIjoic2VydmljZS1hY2NvdW50LXNwcmluZy1jbG91ZC1jbGllbnQiLCJjbGllbnRBZGRyZXNzIjoiMTcyLjIzLjAuMSIsImNsaWVudF9pZCI6InNwcmluZy1jbG91ZC1jbGllbnQifQ.z-kEWVIZumWRm8fIEyIFEvXDLim_SnSg9jtoVSJJz3Y1HA665miH6tZFrSW61Z9YHHrQ5uawsQloLnwcDDMO0p6jPFY8-uXhrD7txWGM5_36hCYnak6rFCj2sYLmFfHVbZUQq5IAjV-_ZKDkKw3pFbT7MAHAOMsLgN0elL8Ajz4-hGgx4YPbmZb7ftuQ8JQDfmKB28GJei4qa28pqcxnn6lhV9FJkCZTugfr90UciEurpCEY6Rmv5Lko2zbjOZjALOQhsOC8gSuDkafx89iIg05MGjvrAdBKsBqIh5ANP2Tfj4F1bbyIjBto0Agcxm4k7pvWH-YKPGQ7nu_5EL_v7A
2026-07-13 13:17:17,920 INFO o.a.j.JMeter: Setting JMeter property: jtl-dir=D:\PROJECTS\springboot-irfan-mubasyir\benchmark\jmeter\results
2026-07-13 13:17:17,994 INFO o.a.j.JMeter: Copyright (c) 1998-2024 The Apache Software Foundation
2026-07-13 13:17:17,995 INFO o.a.j.JMeter: Version 5.6.3
2026-07-13 13:17:17,995 INFO o.a.j.JMeter: java.version=25.0.2
2026-07-13 13:17:17,995 INFO o.a.j.JMeter: java.vm.name=Java HotSpot(TM) 64-Bit Server VM
2026-07-13 13:17:17,995 INFO o.a.j.JMeter: os.name=Windows 11
2026-07-13 13:17:17,996 INFO o.a.j.JMeter: os.arch=amd64
2026-07-13 13:17:17,996 INFO o.a.j.JMeter: os.version=10.0
2026-07-13 13:17:17,996 INFO o.a.j.JMeter: file.encoding=UTF-8
2026-07-13 13:17:17,996 INFO o.a.j.JMeter: java.awt.headless=true
2026-07-13 13:17:17,996 INFO o.a.j.JMeter: Max memory     =1073741824
2026-07-13 13:17:17,996 INFO o.a.j.JMeter: Available Processors =8
2026-07-13 13:17:18,121 INFO o.a.j.JMeter: Default Locale=English (EN)
2026-07-13 13:17:18,129 INFO o.a.j.JMeter: JMeter  Locale=English (EN)
2026-07-13 13:17:18,129 INFO o.a.j.JMeter: JMeterHome=C:\Users\LENOVO L13 YOGA\AppData\Local\Temp\opencode\jmeter\apache-jmeter-5.6.3
2026-07-13 13:17:18,129 INFO o.a.j.JMeter: user.dir  =D:\PROJECTS\springboot-irfan-mubasyir\benchmark\jmeter
2026-07-13 13:17:18,131 INFO o.a.j.JMeter: PWD       =D:\PROJECTS\springboot-irfan-mubasyir\benchmark\jmeter
2026-07-13 13:17:18,139 INFO o.a.j.JMeter: IP: 10.11.198.241 Name: DESKTOP-CH2QFKL FullName: DESKTOP-CH2QFKL
2026-07-13 13:17:18,243 INFO o.a.j.s.FileServer: Default base='D:\PROJECTS\springboot-irfan-mubasyir\benchmark\jmeter'
2026-07-13 13:17:18,254 INFO o.a.j.s.FileServer: Set new base='D:\PROJECTS\springboot-irfan-mubasyir\benchmark\jmeter\plans'
2026-07-13 13:17:20,267 INFO o.a.j.s.SaveService: Testplan (JMX) version: 2.2. Testlog (JTL) version: 2.2
2026-07-13 13:17:20,374 INFO o.a.j.s.SaveService: Using SaveService properties version 5.0
2026-07-13 13:17:20,392 INFO o.a.j.s.SaveService: Using SaveService properties file encoding UTF-8
2026-07-13 13:17:20,404 INFO o.a.j.s.SaveService: Loading file: D:\PROJECTS\springboot-irfan-mubasyir\benchmark\jmeter\plans\get-inventory.jmx
2026-07-13 13:17:20,684 INFO o.a.j.p.h.s.HTTPSamplerBase: Parser for text/html is org.apache.jmeter.protocol.http.parser.LagartoBasedHtmlParser
2026-07-13 13:17:20,685 INFO o.a.j.p.h.s.HTTPSamplerBase: Parser for application/xhtml+xml is org.apache.jmeter.protocol.http.parser.LagartoBasedHtmlParser
2026-07-13 13:17:20,686 INFO o.a.j.p.h.s.HTTPSamplerBase: Parser for application/xml is org.apache.jmeter.protocol.http.parser.LagartoBasedHtmlParser
2026-07-13 13:17:20,686 INFO o.a.j.p.h.s.HTTPSamplerBase: Parser for text/xml is org.apache.jmeter.protocol.http.parser.LagartoBasedHtmlParser
2026-07-13 13:17:20,686 INFO o.a.j.p.h.s.HTTPSamplerBase: Parser for text/vnd.wap.wml is org.apache.jmeter.protocol.http.parser.RegexpHTMLParser
2026-07-13 13:17:20,687 INFO o.a.j.p.h.s.HTTPSamplerBase: Parser for text/css is org.apache.jmeter.protocol.http.parser.CssParser
2026-07-13 13:17:20,779 INFO o.a.j.JMeter: Creating summariser <summary>
2026-07-13 13:17:20,826 INFO o.a.j.e.StandardJMeterEngine: Running the test!
2026-07-13 13:17:20,828 INFO o.a.j.s.SampleEvent: List of sample_variables: []
2026-07-13 13:17:20,829 INFO o.a.j.s.SampleEvent: List of sample_variables: []
2026-07-13 13:17:20,855 INFO o.a.j.e.u.CompoundVariable: Note: Function class names must contain the string: '.functions.'
2026-07-13 13:17:20,856 INFO o.a.j.e.u.CompoundVariable: Note: Function class names must not contain the string: '.gui.'
2026-07-13 13:17:21,199 INFO o.a.j.JMeter: Running test (1783923441199)
2026-07-13 13:17:21,260 INFO o.a.j.e.StandardJMeterEngine: Starting ThreadGroup: 1 : Inventory Service - GET Inventory
2026-07-13 13:17:21,260 INFO o.a.j.e.StandardJMeterEngine: Starting 10 threads for group Inventory Service - GET Inventory.
2026-07-13 13:17:21,260 INFO o.a.j.e.StandardJMeterEngine: Thread will continue on error
2026-07-13 13:17:21,263 INFO o.a.j.t.ThreadGroup: Starting thread group... number=1 threads=10 ramp-up=2 delayedStart=false
2026-07-13 13:17:21,290 INFO o.a.j.t.JMeterThread: Thread started: Inventory Service - GET Inventory 1-1
2026-07-13 13:17:21,295 INFO o.a.j.t.ThreadGroup: Started thread group number 1
2026-07-13 13:17:21,295 INFO o.a.j.e.StandardJMeterEngine: All thread groups have been started
2026-07-13 13:17:21,371 INFO o.a.j.p.h.s.HTTPHCAbstractImpl: Local host = DESKTOP-CH2QFKL
2026-07-13 13:17:21,399 INFO o.a.j.p.h.s.HTTPHC4Impl: HTTP request retry count = 0
2026-07-13 13:17:21,405 INFO o.a.j.s.SampleResult: Note: Sample TimeStamps are START times
2026-07-13 13:17:21,405 INFO o.a.j.s.SampleResult: sampleresult.default.encoding is set to UTF-8
2026-07-13 13:17:21,406 INFO o.a.j.s.SampleResult: sampleresult.useNanoTime=true
2026-07-13 13:17:21,407 INFO o.a.j.s.SampleResult: sampleresult.nanoThreadSleep=5000
2026-07-13 13:17:21,483 INFO o.a.j.t.JMeterThread: Thread started: Inventory Service - GET Inventory 1-2
2026-07-13 13:17:21,680 INFO o.a.j.t.JMeterThread: Thread started: Inventory Service - GET Inventory 1-3
2026-07-13 13:17:21,880 INFO o.a.j.t.JMeterThread: Thread started: Inventory Service - GET Inventory 1-4
2026-07-13 13:17:22,073 INFO o.a.j.t.JMeterThread: Thread started: Inventory Service - GET Inventory 1-5
2026-07-13 13:17:22,273 INFO o.a.j.t.JMeterThread: Thread started: Inventory Service - GET Inventory 1-6
2026-07-13 13:17:22,483 INFO o.a.j.t.JMeterThread: Thread started: Inventory Service - GET Inventory 1-7
2026-07-13 13:17:22,686 INFO o.a.j.t.JMeterThread: Thread started: Inventory Service - GET Inventory 1-8
2026-07-13 13:17:22,886 INFO o.a.j.t.JMeterThread: Thread started: Inventory Service - GET Inventory 1-9
2026-07-13 13:17:23,066 INFO o.a.j.t.JMeterThread: Thread started: Inventory Service - GET Inventory 1-10
2026-07-13 13:17:30,018 INFO o.a.j.r.Summariser: summary +    786 in 00:00:09 =   89.2/s Avg:    96 Min:    12 Max:   478 Err:     0 (0.00%) Active: 10 Started: 10 Finished: 0
2026-07-13 13:17:31,305 INFO o.a.j.t.JMeterThread: Stopping because end time detected by thread: Inventory Service - GET Inventory 1-1
2026-07-13 13:17:31,307 INFO o.a.j.t.JMeterThread: Thread finished: Inventory Service - GET Inventory 1-1
2026-07-13 13:17:31,322 INFO o.a.j.t.JMeterThread: Stopping because end time detected by thread: Inventory Service - GET Inventory 1-3
2026-07-13 13:17:31,323 INFO o.a.j.t.JMeterThread: Stopping because end time detected by thread: Inventory Service - GET Inventory 1-6
2026-07-13 13:17:31,323 INFO o.a.j.t.JMeterThread: Thread finished: Inventory Service - GET Inventory 1-3
2026-07-13 13:17:31,324 INFO o.a.j.t.JMeterThread: Stopping because end time detected by thread: Inventory Service - GET Inventory 1-9
2026-07-13 13:17:31,325 INFO o.a.j.t.JMeterThread: Thread finished: Inventory Service - GET Inventory 1-9
2026-07-13 13:17:31,329 INFO o.a.j.t.JMeterThread: Thread finished: Inventory Service - GET Inventory 1-6
2026-07-13 13:17:31,380 INFO o.a.j.t.JMeterThread: Stopping because end time detected by thread: Inventory Service - GET Inventory 1-4
2026-07-13 13:17:31,381 INFO o.a.j.t.JMeterThread: Thread finished: Inventory Service - GET Inventory 1-4
2026-07-13 13:17:31,384 INFO o.a.j.t.JMeterThread: Stopping because end time detected by thread: Inventory Service - GET Inventory 1-7
2026-07-13 13:17:31,386 INFO o.a.j.t.JMeterThread: Thread finished: Inventory Service - GET Inventory 1-7
2026-07-13 13:17:31,387 INFO o.a.j.t.JMeterThread: Stopping because end time detected by thread: Inventory Service - GET Inventory 1-2
2026-07-13 13:17:31,387 INFO o.a.j.t.JMeterThread: Thread finished: Inventory Service - GET Inventory 1-2
2026-07-13 13:17:31,389 INFO o.a.j.t.JMeterThread: Stopping because end time detected by thread: Inventory Service - GET Inventory 1-10
2026-07-13 13:17:31,389 INFO o.a.j.t.JMeterThread: Thread finished: Inventory Service - GET Inventory 1-10
2026-07-13 13:17:31,389 INFO o.a.j.t.JMeterThread: Stopping because end time detected by thread: Inventory Service - GET Inventory 1-5
2026-07-13 13:17:31,391 INFO o.a.j.t.JMeterThread: Thread finished: Inventory Service - GET Inventory 1-5
2026-07-13 13:17:31,428 INFO o.a.j.t.JMeterThread: Stopping because end time detected by thread: Inventory Service - GET Inventory 1-8
2026-07-13 13:17:31,428 INFO o.a.j.t.JMeterThread: Thread finished: Inventory Service - GET Inventory 1-8
2026-07-13 13:17:31,430 INFO o.a.j.e.StandardJMeterEngine: Notifying test listeners of end of test
2026-07-13 13:17:31,433 INFO o.a.j.r.Summariser: summary +    167 in 00:00:01 =  117.4/s Avg:    84 Min:    18 Max:   243 Err:     0 (0.00%) Active: 0 Started: 10 Finished: 10
2026-07-13 13:17:31,433 INFO o.a.j.r.Summariser: summary =    953 in 00:00:10 =   93.1/s Avg:    94 Min:    12 Max:   478 Err:     0 (0.00%)
