2026-07-13 14:37:25,142 INFO o.a.j.u.JMeterUtils: Setting Locale to en_EN
2026-07-13 14:37:25,231 INFO o.a.j.JMeter: Loading user properties from: C:\Users\LENOVO L13 YOGA\AppData\Local\Temp\opencode\jmeter\apache-jmeter-5.6.3\bin\user.properties
2026-07-13 14:37:25,233 INFO o.a.j.JMeter: Loading system properties from: C:\Users\LENOVO L13 YOGA\AppData\Local\Temp\opencode\jmeter\apache-jmeter-5.6.3\bin\system.properties
2026-07-13 14:37:25,234 INFO o.a.j.JMeter: Setting JMeter property: concurrency=10
2026-07-13 14:37:25,234 INFO o.a.j.JMeter: Setting JMeter property: duration=10
2026-07-13 14:37:25,234 INFO o.a.j.JMeter: Setting JMeter property: rampup=2
2026-07-13 14:37:25,235 INFO o.a.j.JMeter: Setting JMeter property: target=api-gateway
2026-07-13 14:37:25,236 INFO o.a.j.JMeter: Setting JMeter property: port=8888
2026-07-13 14:37:25,238 INFO o.a.j.JMeter: Setting JMeter property: ACCESS_TOKEN=eyJhbGciOiJSUzI1NiIsInR5cCIgOiAiSldUIiwia2lkIiA6ICI0R2JZRXZhbkZLeFBwc01TbkNHc2hZT0NHMFI0RHFPVDZXRFlMQlNMWmxrIn0.eyJleHAiOjE3ODM5Mjg1MDQsImlhdCI6MTc4MzkyODIwNCwianRpIjoidHJydGNjOmM3YjJiNTc3LTczOGUtY2JkOS1lYjk3LTI2N2FhOTZmM2M4MyIsImlzcyI6Imh0dHA6Ly9rZXljbG9hazo4MDgwL3JlYWxtcy9zcHJpbmctYm9vdC1taWNyby1zZXJ2aWNlcy1yZWFsbSIsImF1ZCI6ImFjY291bnQiLCJzdWIiOiI2N2Q5MjlmOC02NjVkLTRmYWQtYjYwZC05MjE2NzYwNmY5YmMiLCJ0eXAiOiJCZWFyZXIiLCJhenAiOiJzcHJpbmctY2xvdWQtY2xpZW50IiwiYWNyIjoiMSIsImFsbG93ZWQtb3JpZ2lucyI6WyIvKiJdLCJyZWFsbV9hY2Nlc3MiOnsicm9sZXMiOlsiZGVmYXVsdC1yb2xlcy1zcHJpbmctYm9vdC1taWNyby1zZXJ2aWNlcy1yZWFsbSIsIm9mZmxpbmVfYWNjZXNzIiwidW1hX2F1dGhvcml6YXRpb24iXX0sInJlc291cmNlX2FjY2VzcyI6eyJhY2NvdW50Ijp7InJvbGVzIjpbIm1hbmFnZS1hY2NvdW50IiwibWFuYWdlLWFjY291bnQtbGlua3MiLCJ2aWV3LXByb2ZpbGUiXX19LCJzY29wZSI6InByb2ZpbGUgZW1haWwiLCJjbGllbnRIb3N0IjoiMTcyLjIzLjAuMSIsImVtYWlsX3ZlcmlmaWVkIjpmYWxzZSwicHJlZmVycmVkX3VzZXJuYW1lIjoic2VydmljZS1hY2NvdW50LXNwcmluZy1jbG91ZC1jbGllbnQiLCJjbGllbnRBZGRyZXNzIjoiMTcyLjIzLjAuMSIsImNsaWVudF9pZCI6InNwcmluZy1jbG91ZC1jbGllbnQifQ.M8v935l3lWdEcm9K71ag-TRooSoFj1gd6d6ShGF8Rz_5g6Nfpv1ZG6n7vmz95UvCiWGD5axmeYBXxe6HyGHmRBV-s9UAV2z3VzrsilycjH_1Fq3j9KGpc5CSixQjFSmsafoyZbuDYx8O4vdGbbWSsuLvlERcgjBVpfSvAWSDQRVQ5vc7QIi4dTG_UwinI7sYllg6I3dbZBKxeqUflvFLspugBdkNwk4jMbZaitNEXFtBM1SBsNLg7cY_KPqaHi4kB8iWAisc95XunF7E-R_xwY72oTwC7CrROK1cxG2fSTZKsKjj_je0EZebe6MHhuFQdBPCJLZsqaX8b3pCoP2HYQ
2026-07-13 14:37:25,238 INFO o.a.j.JMeter: Setting JMeter property: jtl-dir=D:\PROJECTS\springboot-irfan-mubasyir\benchmark\jmeter\results
2026-07-13 14:37:25,272 INFO o.a.j.JMeter: Copyright (c) 1998-2024 The Apache Software Foundation
2026-07-13 14:37:25,272 INFO o.a.j.JMeter: Version 5.6.3
2026-07-13 14:37:25,273 INFO o.a.j.JMeter: java.version=25.0.2
2026-07-13 14:37:25,273 INFO o.a.j.JMeter: java.vm.name=Java HotSpot(TM) 64-Bit Server VM
2026-07-13 14:37:25,273 INFO o.a.j.JMeter: os.name=Windows 11
2026-07-13 14:37:25,273 INFO o.a.j.JMeter: os.arch=amd64
2026-07-13 14:37:25,273 INFO o.a.j.JMeter: os.version=10.0
2026-07-13 14:37:25,273 INFO o.a.j.JMeter: file.encoding=UTF-8
2026-07-13 14:37:25,274 INFO o.a.j.JMeter: java.awt.headless=true
2026-07-13 14:37:25,275 INFO o.a.j.JMeter: Max memory     =1073741824
2026-07-13 14:37:25,275 INFO o.a.j.JMeter: Available Processors =8
2026-07-13 14:37:25,340 INFO o.a.j.JMeter: Default Locale=English (EN)
2026-07-13 14:37:25,342 INFO o.a.j.JMeter: JMeter  Locale=English (EN)
2026-07-13 14:37:25,342 INFO o.a.j.JMeter: JMeterHome=C:\Users\LENOVO L13 YOGA\AppData\Local\Temp\opencode\jmeter\apache-jmeter-5.6.3
2026-07-13 14:37:25,343 INFO o.a.j.JMeter: user.dir  =D:\PROJECTS\springboot-irfan-mubasyir\benchmark\jmeter
2026-07-13 14:37:25,344 INFO o.a.j.JMeter: PWD       =D:\PROJECTS\springboot-irfan-mubasyir\benchmark\jmeter
2026-07-13 14:37:25,348 INFO o.a.j.JMeter: IP: 10.11.198.241 Name: DESKTOP-CH2QFKL FullName: DESKTOP-CH2QFKL
2026-07-13 14:37:25,401 INFO o.a.j.s.FileServer: Default base='D:\PROJECTS\springboot-irfan-mubasyir\benchmark\jmeter'
2026-07-13 14:37:25,405 INFO o.a.j.s.FileServer: Set new base='D:\PROJECTS\springboot-irfan-mubasyir\benchmark\jmeter\plans'
2026-07-13 14:37:26,686 INFO o.a.j.s.SaveService: Testplan (JMX) version: 2.2. Testlog (JTL) version: 2.2
2026-07-13 14:37:26,778 INFO o.a.j.s.SaveService: Using SaveService properties version 5.0
2026-07-13 14:37:26,792 INFO o.a.j.s.SaveService: Using SaveService properties file encoding UTF-8
2026-07-13 14:37:26,807 INFO o.a.j.s.SaveService: Loading file: D:\PROJECTS\springboot-irfan-mubasyir\benchmark\jmeter\plans\get-inventory.jmx
2026-07-13 14:37:27,037 INFO o.a.j.p.h.s.HTTPSamplerBase: Parser for text/html is org.apache.jmeter.protocol.http.parser.LagartoBasedHtmlParser
2026-07-13 14:37:27,037 INFO o.a.j.p.h.s.HTTPSamplerBase: Parser for application/xhtml+xml is org.apache.jmeter.protocol.http.parser.LagartoBasedHtmlParser
2026-07-13 14:37:27,037 INFO o.a.j.p.h.s.HTTPSamplerBase: Parser for application/xml is org.apache.jmeter.protocol.http.parser.LagartoBasedHtmlParser
2026-07-13 14:37:27,040 INFO o.a.j.p.h.s.HTTPSamplerBase: Parser for text/xml is org.apache.jmeter.protocol.http.parser.LagartoBasedHtmlParser
2026-07-13 14:37:27,040 INFO o.a.j.p.h.s.HTTPSamplerBase: Parser for text/vnd.wap.wml is org.apache.jmeter.protocol.http.parser.RegexpHTMLParser
2026-07-13 14:37:27,040 INFO o.a.j.p.h.s.HTTPSamplerBase: Parser for text/css is org.apache.jmeter.protocol.http.parser.CssParser
2026-07-13 14:37:27,151 INFO o.a.j.JMeter: Creating summariser <summary>
2026-07-13 14:37:27,196 INFO o.a.j.e.StandardJMeterEngine: Running the test!
2026-07-13 14:37:27,199 INFO o.a.j.s.SampleEvent: List of sample_variables: []
2026-07-13 14:37:27,199 INFO o.a.j.s.SampleEvent: List of sample_variables: []
2026-07-13 14:37:27,217 INFO o.a.j.e.u.CompoundVariable: Note: Function class names must contain the string: '.functions.'
2026-07-13 14:37:27,219 INFO o.a.j.e.u.CompoundVariable: Note: Function class names must not contain the string: '.gui.'
2026-07-13 14:37:27,509 INFO o.a.j.JMeter: Running test (1783928247509)
2026-07-13 14:37:27,561 INFO o.a.j.e.StandardJMeterEngine: Starting ThreadGroup: 1 : Inventory Service - GET Inventory
2026-07-13 14:37:27,562 INFO o.a.j.e.StandardJMeterEngine: Starting 10 threads for group Inventory Service - GET Inventory.
2026-07-13 14:37:27,562 INFO o.a.j.e.StandardJMeterEngine: Thread will continue on error
2026-07-13 14:37:27,562 INFO o.a.j.t.ThreadGroup: Starting thread group... number=1 threads=10 ramp-up=2 delayedStart=false
2026-07-13 14:37:27,583 INFO o.a.j.t.JMeterThread: Thread started: Inventory Service - GET Inventory 1-1
2026-07-13 14:37:27,590 INFO o.a.j.t.ThreadGroup: Started thread group number 1
2026-07-13 14:37:27,590 INFO o.a.j.e.StandardJMeterEngine: All thread groups have been started
2026-07-13 14:37:27,633 INFO o.a.j.p.h.s.HTTPHCAbstractImpl: Local host = DESKTOP-CH2QFKL
2026-07-13 14:37:27,659 INFO o.a.j.p.h.s.HTTPHC4Impl: HTTP request retry count = 0
2026-07-13 14:37:27,663 INFO o.a.j.s.SampleResult: Note: Sample TimeStamps are START times
2026-07-13 14:37:27,665 INFO o.a.j.s.SampleResult: sampleresult.default.encoding is set to UTF-8
2026-07-13 14:37:27,665 INFO o.a.j.s.SampleResult: sampleresult.useNanoTime=true
2026-07-13 14:37:27,666 INFO o.a.j.s.SampleResult: sampleresult.nanoThreadSleep=5000
2026-07-13 14:37:27,776 INFO o.a.j.t.JMeterThread: Thread started: Inventory Service - GET Inventory 1-2
2026-07-13 14:37:27,974 INFO o.a.j.t.JMeterThread: Thread started: Inventory Service - GET Inventory 1-3
2026-07-13 14:37:28,175 INFO o.a.j.t.JMeterThread: Thread started: Inventory Service - GET Inventory 1-4
2026-07-13 14:37:28,375 INFO o.a.j.t.JMeterThread: Thread started: Inventory Service - GET Inventory 1-5
2026-07-13 14:37:28,577 INFO o.a.j.t.JMeterThread: Thread started: Inventory Service - GET Inventory 1-6
2026-07-13 14:37:28,779 INFO o.a.j.t.JMeterThread: Thread started: Inventory Service - GET Inventory 1-7
2026-07-13 14:37:28,972 INFO o.a.j.t.JMeterThread: Thread started: Inventory Service - GET Inventory 1-8
2026-07-13 14:37:29,191 INFO o.a.j.t.JMeterThread: Thread started: Inventory Service - GET Inventory 1-9
2026-07-13 14:37:29,375 INFO o.a.j.t.JMeterThread: Thread started: Inventory Service - GET Inventory 1-10
2026-07-13 14:37:30,022 INFO o.a.j.r.Summariser: summary +     92 in 00:00:03 =   36.7/s Avg:   153 Min:    47 Max:  1255 Err:     0 (0.00%) Active: 10 Started: 10 Finished: 0
2026-07-13 14:37:37,639 INFO o.a.j.t.JMeterThread: Stopping because end time detected by thread: Inventory Service - GET Inventory 1-1
2026-07-13 14:37:37,640 INFO o.a.j.t.JMeterThread: Thread finished: Inventory Service - GET Inventory 1-1
2026-07-13 14:37:37,691 INFO o.a.j.t.JMeterThread: Stopping because end time detected by thread: Inventory Service - GET Inventory 1-6
2026-07-13 14:37:37,692 INFO o.a.j.t.JMeterThread: Thread finished: Inventory Service - GET Inventory 1-6
2026-07-13 14:37:37,702 INFO o.a.j.t.JMeterThread: Stopping because end time detected by thread: Inventory Service - GET Inventory 1-2
2026-07-13 14:37:37,702 INFO o.a.j.t.JMeterThread: Thread finished: Inventory Service - GET Inventory 1-2
2026-07-13 14:37:37,709 INFO o.a.j.t.JMeterThread: Stopping because end time detected by thread: Inventory Service - GET Inventory 1-5
2026-07-13 14:37:37,709 INFO o.a.j.t.JMeterThread: Thread finished: Inventory Service - GET Inventory 1-5
2026-07-13 14:37:37,800 INFO o.a.j.t.JMeterThread: Stopping because end time detected by thread: Inventory Service - GET Inventory 1-10
2026-07-13 14:37:37,800 INFO o.a.j.t.JMeterThread: Thread finished: Inventory Service - GET Inventory 1-10
2026-07-13 14:37:37,825 INFO o.a.j.t.JMeterThread: Stopping because end time detected by thread: Inventory Service - GET Inventory 1-9
2026-07-13 14:37:37,825 INFO o.a.j.t.JMeterThread: Stopping because end time detected by thread: Inventory Service - GET Inventory 1-7
2026-07-13 14:37:37,826 INFO o.a.j.t.JMeterThread: Thread finished: Inventory Service - GET Inventory 1-9
2026-07-13 14:37:37,826 INFO o.a.j.t.JMeterThread: Thread finished: Inventory Service - GET Inventory 1-7
2026-07-13 14:37:37,840 INFO o.a.j.t.JMeterThread: Stopping because end time detected by thread: Inventory Service - GET Inventory 1-3
2026-07-13 14:37:37,840 INFO o.a.j.t.JMeterThread: Thread finished: Inventory Service - GET Inventory 1-3
2026-07-13 14:37:37,862 INFO o.a.j.t.JMeterThread: Stopping because end time detected by thread: Inventory Service - GET Inventory 1-4
2026-07-13 14:37:37,862 INFO o.a.j.t.JMeterThread: Thread finished: Inventory Service - GET Inventory 1-4
2026-07-13 14:37:37,913 INFO o.a.j.t.JMeterThread: Stopping because end time detected by thread: Inventory Service - GET Inventory 1-8
2026-07-13 14:37:37,914 INFO o.a.j.t.JMeterThread: Thread finished: Inventory Service - GET Inventory 1-8
2026-07-13 14:37:37,916 INFO o.a.j.e.StandardJMeterEngine: Notifying test listeners of end of test
2026-07-13 14:37:37,920 INFO o.a.j.r.Summariser: summary +    590 in 00:00:08 =   74.7/s Avg:   131 Min:    31 Max:  1011 Err:     0 (0.00%) Active: 0 Started: 10 Finished: 10
2026-07-13 14:37:37,922 INFO o.a.j.r.Summariser: summary =    682 in 00:00:10 =   65.5/s Avg:   134 Min:    31 Max:  1255 Err:     0 (0.00%)
