2026-07-13 14:37:55,474 INFO o.a.j.u.JMeterUtils: Setting Locale to en_EN
2026-07-13 14:37:55,550 INFO o.a.j.JMeter: Loading user properties from: C:\Users\LENOVO L13 YOGA\AppData\Local\Temp\opencode\jmeter\apache-jmeter-5.6.3\bin\user.properties
2026-07-13 14:37:55,557 INFO o.a.j.JMeter: Loading system properties from: C:\Users\LENOVO L13 YOGA\AppData\Local\Temp\opencode\jmeter\apache-jmeter-5.6.3\bin\system.properties
2026-07-13 14:37:55,557 INFO o.a.j.JMeter: Setting JMeter property: concurrency=10
2026-07-13 14:37:55,557 INFO o.a.j.JMeter: Setting JMeter property: duration=10
2026-07-13 14:37:55,559 INFO o.a.j.JMeter: Setting JMeter property: rampup=2
2026-07-13 14:37:55,559 INFO o.a.j.JMeter: Setting JMeter property: target=api-gateway
2026-07-13 14:37:55,559 INFO o.a.j.JMeter: Setting JMeter property: port=8888
2026-07-13 14:37:55,559 INFO o.a.j.JMeter: Setting JMeter property: ACCESS_TOKEN=eyJhbGciOiJSUzI1NiIsInR5cCIgOiAiSldUIiwia2lkIiA6ICI0R2JZRXZhbkZLeFBwc01TbkNHc2hZT0NHMFI0RHFPVDZXRFlMQlNMWmxrIn0.eyJleHAiOjE3ODM5Mjg1MDQsImlhdCI6MTc4MzkyODIwNCwianRpIjoidHJydGNjOmM3YjJiNTc3LTczOGUtY2JkOS1lYjk3LTI2N2FhOTZmM2M4MyIsImlzcyI6Imh0dHA6Ly9rZXljbG9hazo4MDgwL3JlYWxtcy9zcHJpbmctYm9vdC1taWNyby1zZXJ2aWNlcy1yZWFsbSIsImF1ZCI6ImFjY291bnQiLCJzdWIiOiI2N2Q5MjlmOC02NjVkLTRmYWQtYjYwZC05MjE2NzYwNmY5YmMiLCJ0eXAiOiJCZWFyZXIiLCJhenAiOiJzcHJpbmctY2xvdWQtY2xpZW50IiwiYWNyIjoiMSIsImFsbG93ZWQtb3JpZ2lucyI6WyIvKiJdLCJyZWFsbV9hY2Nlc3MiOnsicm9sZXMiOlsiZGVmYXVsdC1yb2xlcy1zcHJpbmctYm9vdC1taWNyby1zZXJ2aWNlcy1yZWFsbSIsIm9mZmxpbmVfYWNjZXNzIiwidW1hX2F1dGhvcml6YXRpb24iXX0sInJlc291cmNlX2FjY2VzcyI6eyJhY2NvdW50Ijp7InJvbGVzIjpbIm1hbmFnZS1hY2NvdW50IiwibWFuYWdlLWFjY291bnQtbGlua3MiLCJ2aWV3LXByb2ZpbGUiXX19LCJzY29wZSI6InByb2ZpbGUgZW1haWwiLCJjbGllbnRIb3N0IjoiMTcyLjIzLjAuMSIsImVtYWlsX3ZlcmlmaWVkIjpmYWxzZSwicHJlZmVycmVkX3VzZXJuYW1lIjoic2VydmljZS1hY2NvdW50LXNwcmluZy1jbG91ZC1jbGllbnQiLCJjbGllbnRBZGRyZXNzIjoiMTcyLjIzLjAuMSIsImNsaWVudF9pZCI6InNwcmluZy1jbG91ZC1jbGllbnQifQ.M8v935l3lWdEcm9K71ag-TRooSoFj1gd6d6ShGF8Rz_5g6Nfpv1ZG6n7vmz95UvCiWGD5axmeYBXxe6HyGHmRBV-s9UAV2z3VzrsilycjH_1Fq3j9KGpc5CSixQjFSmsafoyZbuDYx8O4vdGbbWSsuLvlERcgjBVpfSvAWSDQRVQ5vc7QIi4dTG_UwinI7sYllg6I3dbZBKxeqUflvFLspugBdkNwk4jMbZaitNEXFtBM1SBsNLg7cY_KPqaHi4kB8iWAisc95XunF7E-R_xwY72oTwC7CrROK1cxG2fSTZKsKjj_je0EZebe6MHhuFQdBPCJLZsqaX8b3pCoP2HYQ
2026-07-13 14:37:55,561 INFO o.a.j.JMeter: Setting JMeter property: jtl-dir=D:\PROJECTS\springboot-irfan-mubasyir\benchmark\jmeter\results
2026-07-13 14:37:55,589 INFO o.a.j.JMeter: Copyright (c) 1998-2024 The Apache Software Foundation
2026-07-13 14:37:55,589 INFO o.a.j.JMeter: Version 5.6.3
2026-07-13 14:37:55,589 INFO o.a.j.JMeter: java.version=25.0.2
2026-07-13 14:37:55,589 INFO o.a.j.JMeter: java.vm.name=Java HotSpot(TM) 64-Bit Server VM
2026-07-13 14:37:55,589 INFO o.a.j.JMeter: os.name=Windows 11
2026-07-13 14:37:55,590 INFO o.a.j.JMeter: os.arch=amd64
2026-07-13 14:37:55,590 INFO o.a.j.JMeter: os.version=10.0
2026-07-13 14:37:55,590 INFO o.a.j.JMeter: file.encoding=UTF-8
2026-07-13 14:37:55,591 INFO o.a.j.JMeter: java.awt.headless=true
2026-07-13 14:37:55,591 INFO o.a.j.JMeter: Max memory     =1073741824
2026-07-13 14:37:55,591 INFO o.a.j.JMeter: Available Processors =8
2026-07-13 14:37:55,647 INFO o.a.j.JMeter: Default Locale=English (EN)
2026-07-13 14:37:55,649 INFO o.a.j.JMeter: JMeter  Locale=English (EN)
2026-07-13 14:37:55,649 INFO o.a.j.JMeter: JMeterHome=C:\Users\LENOVO L13 YOGA\AppData\Local\Temp\opencode\jmeter\apache-jmeter-5.6.3
2026-07-13 14:37:55,649 INFO o.a.j.JMeter: user.dir  =D:\PROJECTS\springboot-irfan-mubasyir\benchmark\jmeter
2026-07-13 14:37:55,652 INFO o.a.j.JMeter: PWD       =D:\PROJECTS\springboot-irfan-mubasyir\benchmark\jmeter
2026-07-13 14:37:55,655 INFO o.a.j.JMeter: IP: 10.11.198.241 Name: DESKTOP-CH2QFKL FullName: DESKTOP-CH2QFKL
2026-07-13 14:37:55,704 INFO o.a.j.s.FileServer: Default base='D:\PROJECTS\springboot-irfan-mubasyir\benchmark\jmeter'
2026-07-13 14:37:55,704 INFO o.a.j.s.FileServer: Set new base='D:\PROJECTS\springboot-irfan-mubasyir\benchmark\jmeter\plans'
2026-07-13 14:37:56,708 INFO o.a.j.s.SaveService: Testplan (JMX) version: 2.2. Testlog (JTL) version: 2.2
2026-07-13 14:37:56,795 INFO o.a.j.s.SaveService: Using SaveService properties version 5.0
2026-07-13 14:37:56,810 INFO o.a.j.s.SaveService: Using SaveService properties file encoding UTF-8
2026-07-13 14:37:56,821 INFO o.a.j.s.SaveService: Loading file: D:\PROJECTS\springboot-irfan-mubasyir\benchmark\jmeter\plans\post-create-order.jmx
2026-07-13 14:37:57,032 INFO o.a.j.p.h.s.HTTPSamplerBase: Parser for text/html is org.apache.jmeter.protocol.http.parser.LagartoBasedHtmlParser
2026-07-13 14:37:57,032 INFO o.a.j.p.h.s.HTTPSamplerBase: Parser for application/xhtml+xml is org.apache.jmeter.protocol.http.parser.LagartoBasedHtmlParser
2026-07-13 14:37:57,032 INFO o.a.j.p.h.s.HTTPSamplerBase: Parser for application/xml is org.apache.jmeter.protocol.http.parser.LagartoBasedHtmlParser
2026-07-13 14:37:57,033 INFO o.a.j.p.h.s.HTTPSamplerBase: Parser for text/xml is org.apache.jmeter.protocol.http.parser.LagartoBasedHtmlParser
2026-07-13 14:37:57,033 INFO o.a.j.p.h.s.HTTPSamplerBase: Parser for text/vnd.wap.wml is org.apache.jmeter.protocol.http.parser.RegexpHTMLParser
2026-07-13 14:37:57,034 INFO o.a.j.p.h.s.HTTPSamplerBase: Parser for text/css is org.apache.jmeter.protocol.http.parser.CssParser
2026-07-13 14:37:57,134 INFO o.a.j.JMeter: Creating summariser <summary>
2026-07-13 14:37:57,179 INFO o.a.j.e.StandardJMeterEngine: Running the test!
2026-07-13 14:37:57,181 INFO o.a.j.s.SampleEvent: List of sample_variables: []
2026-07-13 14:37:57,181 INFO o.a.j.s.SampleEvent: List of sample_variables: []
2026-07-13 14:37:57,199 INFO o.a.j.e.u.CompoundVariable: Note: Function class names must contain the string: '.functions.'
2026-07-13 14:37:57,199 INFO o.a.j.e.u.CompoundVariable: Note: Function class names must not contain the string: '.gui.'
2026-07-13 14:37:57,489 INFO o.a.j.JMeter: Running test (1783928277489)
2026-07-13 14:37:57,542 INFO o.a.j.e.StandardJMeterEngine: Starting ThreadGroup: 1 : Order Service - POST Create Order
2026-07-13 14:37:57,542 INFO o.a.j.e.StandardJMeterEngine: Starting 10 threads for group Order Service - POST Create Order.
2026-07-13 14:37:57,542 INFO o.a.j.e.StandardJMeterEngine: Thread will continue on error
2026-07-13 14:37:57,544 INFO o.a.j.t.ThreadGroup: Starting thread group... number=1 threads=10 ramp-up=2 delayedStart=false
2026-07-13 14:37:57,573 INFO o.a.j.t.JMeterThread: Thread started: Order Service - POST Create Order 1-1
2026-07-13 14:37:57,582 INFO o.a.j.t.ThreadGroup: Started thread group number 1
2026-07-13 14:37:57,582 INFO o.a.j.e.StandardJMeterEngine: All thread groups have been started
2026-07-13 14:37:57,634 INFO o.a.j.p.h.s.HTTPHCAbstractImpl: Local host = DESKTOP-CH2QFKL
2026-07-13 14:37:57,655 INFO o.a.j.p.h.s.HTTPHC4Impl: HTTP request retry count = 0
2026-07-13 14:37:57,659 INFO o.a.j.s.SampleResult: Note: Sample TimeStamps are START times
2026-07-13 14:37:57,659 INFO o.a.j.s.SampleResult: sampleresult.default.encoding is set to UTF-8
2026-07-13 14:37:57,660 INFO o.a.j.s.SampleResult: sampleresult.useNanoTime=true
2026-07-13 14:37:57,660 INFO o.a.j.s.SampleResult: sampleresult.nanoThreadSleep=5000
2026-07-13 14:37:57,766 INFO o.a.j.t.JMeterThread: Thread started: Order Service - POST Create Order 1-2
2026-07-13 14:37:57,953 INFO o.a.j.t.JMeterThread: Thread started: Order Service - POST Create Order 1-3
2026-07-13 14:37:58,155 INFO o.a.j.t.JMeterThread: Thread started: Order Service - POST Create Order 1-4
2026-07-13 14:37:58,352 INFO o.a.j.t.JMeterThread: Thread started: Order Service - POST Create Order 1-5
2026-07-13 14:37:58,552 INFO o.a.j.t.JMeterThread: Thread started: Order Service - POST Create Order 1-6
2026-07-13 14:37:58,751 INFO o.a.j.t.JMeterThread: Thread started: Order Service - POST Create Order 1-7
2026-07-13 14:37:58,951 INFO o.a.j.t.JMeterThread: Thread started: Order Service - POST Create Order 1-8
2026-07-13 14:37:59,151 INFO o.a.j.t.JMeterThread: Thread started: Order Service - POST Create Order 1-9
2026-07-13 14:37:59,351 INFO o.a.j.t.JMeterThread: Thread started: Order Service - POST Create Order 1-10
2026-07-13 14:38:00,007 INFO o.a.j.r.Summariser: summary +     31 in 00:00:03 =   12.3/s Avg:   444 Min:    99 Max:  1533 Err:     0 (0.00%) Active: 10 Started: 10 Finished: 0
2026-07-13 14:38:08,347 INFO o.a.j.t.JMeterThread: Stopping because end time detected by thread: Order Service - POST Create Order 1-3
2026-07-13 14:38:08,347 INFO o.a.j.t.JMeterThread: Thread finished: Order Service - POST Create Order 1-3
2026-07-13 14:38:08,360 INFO o.a.j.t.JMeterThread: Stopping because end time detected by thread: Order Service - POST Create Order 1-6
2026-07-13 14:38:08,361 INFO o.a.j.t.JMeterThread: Thread finished: Order Service - POST Create Order 1-6
2026-07-13 14:38:08,374 INFO o.a.j.t.JMeterThread: Stopping because end time detected by thread: Order Service - POST Create Order 1-9
2026-07-13 14:38:08,375 INFO o.a.j.t.JMeterThread: Thread finished: Order Service - POST Create Order 1-9
2026-07-13 14:38:08,390 INFO o.a.j.t.JMeterThread: Stopping because end time detected by thread: Order Service - POST Create Order 1-7
2026-07-13 14:38:08,390 INFO o.a.j.t.JMeterThread: Thread finished: Order Service - POST Create Order 1-7
2026-07-13 14:38:08,424 INFO o.a.j.t.JMeterThread: Stopping because end time detected by thread: Order Service - POST Create Order 1-2
2026-07-13 14:38:08,424 INFO o.a.j.t.JMeterThread: Thread finished: Order Service - POST Create Order 1-2
2026-07-13 14:38:08,545 INFO o.a.j.t.JMeterThread: Stopping because end time detected by thread: Order Service - POST Create Order 1-8
2026-07-13 14:38:08,547 INFO o.a.j.t.JMeterThread: Thread finished: Order Service - POST Create Order 1-8
2026-07-13 14:38:08,589 INFO o.a.j.t.JMeterThread: Stopping because end time detected by thread: Order Service - POST Create Order 1-10
2026-07-13 14:38:08,590 INFO o.a.j.t.JMeterThread: Thread finished: Order Service - POST Create Order 1-10
2026-07-13 14:38:08,601 INFO o.a.j.t.JMeterThread: Stopping because end time detected by thread: Order Service - POST Create Order 1-4
2026-07-13 14:38:08,601 INFO o.a.j.t.JMeterThread: Thread finished: Order Service - POST Create Order 1-4
2026-07-13 14:38:08,630 INFO o.a.j.t.JMeterThread: Stopping because end time detected by thread: Order Service - POST Create Order 1-1
2026-07-13 14:38:08,630 INFO o.a.j.t.JMeterThread: Stopping because end time detected by thread: Order Service - POST Create Order 1-5
2026-07-13 14:38:08,632 INFO o.a.j.t.JMeterThread: Thread finished: Order Service - POST Create Order 1-5
2026-07-13 14:38:08,633 INFO o.a.j.t.JMeterThread: Thread finished: Order Service - POST Create Order 1-1
2026-07-13 14:38:08,635 INFO o.a.j.e.StandardJMeterEngine: Notifying test listeners of end of test
2026-07-13 14:38:08,643 INFO o.a.j.r.Summariser: summary +    218 in 00:00:09 =   25.2/s Avg:   393 Min:   114 Max:  2156 Err:     0 (0.00%) Active: 0 Started: 10 Finished: 10
2026-07-13 14:38:08,645 INFO o.a.j.r.Summariser: summary =    249 in 00:00:11 =   22.3/s Avg:   399 Min:    99 Max:  2156 Err:     0 (0.00%)
