2026-07-13 14:36:57,358 INFO o.a.j.u.JMeterUtils: Setting Locale to en_EN
2026-07-13 14:36:57,417 INFO o.a.j.JMeter: Loading user properties from: C:\Users\LENOVO L13 YOGA\AppData\Local\Temp\opencode\jmeter\apache-jmeter-5.6.3\bin\user.properties
2026-07-13 14:36:57,420 INFO o.a.j.JMeter: Loading system properties from: C:\Users\LENOVO L13 YOGA\AppData\Local\Temp\opencode\jmeter\apache-jmeter-5.6.3\bin\system.properties
2026-07-13 14:36:57,421 INFO o.a.j.JMeter: Setting JMeter property: concurrency=10
2026-07-13 14:36:57,421 INFO o.a.j.JMeter: Setting JMeter property: duration=10
2026-07-13 14:36:57,421 INFO o.a.j.JMeter: Setting JMeter property: rampup=2
2026-07-13 14:36:57,421 INFO o.a.j.JMeter: Setting JMeter property: target=api-gateway
2026-07-13 14:36:57,421 INFO o.a.j.JMeter: Setting JMeter property: port=8888
2026-07-13 14:36:57,421 INFO o.a.j.JMeter: Setting JMeter property: ACCESS_TOKEN=eyJhbGciOiJSUzI1NiIsInR5cCIgOiAiSldUIiwia2lkIiA6ICI0R2JZRXZhbkZLeFBwc01TbkNHc2hZT0NHMFI0RHFPVDZXRFlMQlNMWmxrIn0.eyJleHAiOjE3ODM5Mjg1MDQsImlhdCI6MTc4MzkyODIwNCwianRpIjoidHJydGNjOmM3YjJiNTc3LTczOGUtY2JkOS1lYjk3LTI2N2FhOTZmM2M4MyIsImlzcyI6Imh0dHA6Ly9rZXljbG9hazo4MDgwL3JlYWxtcy9zcHJpbmctYm9vdC1taWNyby1zZXJ2aWNlcy1yZWFsbSIsImF1ZCI6ImFjY291bnQiLCJzdWIiOiI2N2Q5MjlmOC02NjVkLTRmYWQtYjYwZC05MjE2NzYwNmY5YmMiLCJ0eXAiOiJCZWFyZXIiLCJhenAiOiJzcHJpbmctY2xvdWQtY2xpZW50IiwiYWNyIjoiMSIsImFsbG93ZWQtb3JpZ2lucyI6WyIvKiJdLCJyZWFsbV9hY2Nlc3MiOnsicm9sZXMiOlsiZGVmYXVsdC1yb2xlcy1zcHJpbmctYm9vdC1taWNyby1zZXJ2aWNlcy1yZWFsbSIsIm9mZmxpbmVfYWNjZXNzIiwidW1hX2F1dGhvcml6YXRpb24iXX0sInJlc291cmNlX2FjY2VzcyI6eyJhY2NvdW50Ijp7InJvbGVzIjpbIm1hbmFnZS1hY2NvdW50IiwibWFuYWdlLWFjY291bnQtbGlua3MiLCJ2aWV3LXByb2ZpbGUiXX19LCJzY29wZSI6InByb2ZpbGUgZW1haWwiLCJjbGllbnRIb3N0IjoiMTcyLjIzLjAuMSIsImVtYWlsX3ZlcmlmaWVkIjpmYWxzZSwicHJlZmVycmVkX3VzZXJuYW1lIjoic2VydmljZS1hY2NvdW50LXNwcmluZy1jbG91ZC1jbGllbnQiLCJjbGllbnRBZGRyZXNzIjoiMTcyLjIzLjAuMSIsImNsaWVudF9pZCI6InNwcmluZy1jbG91ZC1jbGllbnQifQ.M8v935l3lWdEcm9K71ag-TRooSoFj1gd6d6ShGF8Rz_5g6Nfpv1ZG6n7vmz95UvCiWGD5axmeYBXxe6HyGHmRBV-s9UAV2z3VzrsilycjH_1Fq3j9KGpc5CSixQjFSmsafoyZbuDYx8O4vdGbbWSsuLvlERcgjBVpfSvAWSDQRVQ5vc7QIi4dTG_UwinI7sYllg6I3dbZBKxeqUflvFLspugBdkNwk4jMbZaitNEXFtBM1SBsNLg7cY_KPqaHi4kB8iWAisc95XunF7E-R_xwY72oTwC7CrROK1cxG2fSTZKsKjj_je0EZebe6MHhuFQdBPCJLZsqaX8b3pCoP2HYQ
2026-07-13 14:36:57,422 INFO o.a.j.JMeter: Setting JMeter property: jtl-dir=D:\PROJECTS\springboot-irfan-mubasyir\benchmark\jmeter\results
2026-07-13 14:36:57,435 INFO o.a.j.JMeter: Copyright (c) 1998-2024 The Apache Software Foundation
2026-07-13 14:36:57,435 INFO o.a.j.JMeter: Version 5.6.3
2026-07-13 14:36:57,435 INFO o.a.j.JMeter: java.version=25.0.2
2026-07-13 14:36:57,435 INFO o.a.j.JMeter: java.vm.name=Java HotSpot(TM) 64-Bit Server VM
2026-07-13 14:36:57,435 INFO o.a.j.JMeter: os.name=Windows 11
2026-07-13 14:36:57,435 INFO o.a.j.JMeter: os.arch=amd64
2026-07-13 14:36:57,435 INFO o.a.j.JMeter: os.version=10.0
2026-07-13 14:36:57,436 INFO o.a.j.JMeter: file.encoding=UTF-8
2026-07-13 14:36:57,436 INFO o.a.j.JMeter: java.awt.headless=true
2026-07-13 14:36:57,436 INFO o.a.j.JMeter: Max memory     =1073741824
2026-07-13 14:36:57,436 INFO o.a.j.JMeter: Available Processors =8
2026-07-13 14:36:57,463 INFO o.a.j.JMeter: Default Locale=English (EN)
2026-07-13 14:36:57,464 INFO o.a.j.JMeter: JMeter  Locale=English (EN)
2026-07-13 14:36:57,464 INFO o.a.j.JMeter: JMeterHome=C:\Users\LENOVO L13 YOGA\AppData\Local\Temp\opencode\jmeter\apache-jmeter-5.6.3
2026-07-13 14:36:57,464 INFO o.a.j.JMeter: user.dir  =D:\PROJECTS\springboot-irfan-mubasyir\benchmark\jmeter
2026-07-13 14:36:57,465 INFO o.a.j.JMeter: PWD       =D:\PROJECTS\springboot-irfan-mubasyir\benchmark\jmeter
2026-07-13 14:36:57,467 INFO o.a.j.JMeter: IP: 10.11.198.241 Name: DESKTOP-CH2QFKL FullName: DESKTOP-CH2QFKL
2026-07-13 14:36:57,494 INFO o.a.j.s.FileServer: Default base='D:\PROJECTS\springboot-irfan-mubasyir\benchmark\jmeter'
2026-07-13 14:36:57,496 INFO o.a.j.s.FileServer: Set new base='D:\PROJECTS\springboot-irfan-mubasyir\benchmark\jmeter\plans'
2026-07-13 14:36:58,068 INFO o.a.j.s.SaveService: Testplan (JMX) version: 2.2. Testlog (JTL) version: 2.2
2026-07-13 14:36:58,145 INFO o.a.j.s.SaveService: Using SaveService properties version 5.0
2026-07-13 14:36:58,155 INFO o.a.j.s.SaveService: Using SaveService properties file encoding UTF-8
2026-07-13 14:36:58,164 INFO o.a.j.s.SaveService: Loading file: D:\PROJECTS\springboot-irfan-mubasyir\benchmark\jmeter\plans\get-all-products.jmx
2026-07-13 14:36:58,299 INFO o.a.j.p.h.s.HTTPSamplerBase: Parser for text/html is org.apache.jmeter.protocol.http.parser.LagartoBasedHtmlParser
2026-07-13 14:36:58,299 INFO o.a.j.p.h.s.HTTPSamplerBase: Parser for application/xhtml+xml is org.apache.jmeter.protocol.http.parser.LagartoBasedHtmlParser
2026-07-13 14:36:58,299 INFO o.a.j.p.h.s.HTTPSamplerBase: Parser for application/xml is org.apache.jmeter.protocol.http.parser.LagartoBasedHtmlParser
2026-07-13 14:36:58,299 INFO o.a.j.p.h.s.HTTPSamplerBase: Parser for text/xml is org.apache.jmeter.protocol.http.parser.LagartoBasedHtmlParser
2026-07-13 14:36:58,300 INFO o.a.j.p.h.s.HTTPSamplerBase: Parser for text/vnd.wap.wml is org.apache.jmeter.protocol.http.parser.RegexpHTMLParser
2026-07-13 14:36:58,300 INFO o.a.j.p.h.s.HTTPSamplerBase: Parser for text/css is org.apache.jmeter.protocol.http.parser.CssParser
2026-07-13 14:36:58,350 INFO o.a.j.JMeter: Creating summariser <summary>
2026-07-13 14:36:58,374 INFO o.a.j.e.StandardJMeterEngine: Running the test!
2026-07-13 14:36:58,376 INFO o.a.j.s.SampleEvent: List of sample_variables: []
2026-07-13 14:36:58,376 INFO o.a.j.s.SampleEvent: List of sample_variables: []
2026-07-13 14:36:58,388 INFO o.a.j.e.u.CompoundVariable: Note: Function class names must contain the string: '.functions.'
2026-07-13 14:36:58,389 INFO o.a.j.e.u.CompoundVariable: Note: Function class names must not contain the string: '.gui.'
2026-07-13 14:36:58,549 INFO o.a.j.JMeter: Running test (1783928218548)
2026-07-13 14:36:58,584 INFO o.a.j.e.StandardJMeterEngine: Starting ThreadGroup: 1 : Product Service - GET All Products
2026-07-13 14:36:58,585 INFO o.a.j.e.StandardJMeterEngine: Starting 10 threads for group Product Service - GET All Products.
2026-07-13 14:36:58,585 INFO o.a.j.e.StandardJMeterEngine: Thread will continue on error
2026-07-13 14:36:58,585 INFO o.a.j.t.ThreadGroup: Starting thread group... number=1 threads=10 ramp-up=2 delayedStart=false
2026-07-13 14:36:58,601 INFO o.a.j.t.ThreadGroup: Started thread group number 1
2026-07-13 14:36:58,601 INFO o.a.j.e.StandardJMeterEngine: All thread groups have been started
2026-07-13 14:36:58,602 INFO o.a.j.t.JMeterThread: Thread started: Product Service - GET All Products 1-1
2026-07-13 14:36:58,643 INFO o.a.j.p.h.s.HTTPHCAbstractImpl: Local host = DESKTOP-CH2QFKL
2026-07-13 14:36:58,656 INFO o.a.j.p.h.s.HTTPHC4Impl: HTTP request retry count = 0
2026-07-13 14:36:58,658 INFO o.a.j.s.SampleResult: Note: Sample TimeStamps are START times
2026-07-13 14:36:58,658 INFO o.a.j.s.SampleResult: sampleresult.default.encoding is set to UTF-8
2026-07-13 14:36:58,658 INFO o.a.j.s.SampleResult: sampleresult.useNanoTime=true
2026-07-13 14:36:58,660 INFO o.a.j.s.SampleResult: sampleresult.nanoThreadSleep=5000
2026-07-13 14:36:58,796 INFO o.a.j.t.JMeterThread: Thread started: Product Service - GET All Products 1-2
2026-07-13 14:36:58,995 INFO o.a.j.t.JMeterThread: Thread started: Product Service - GET All Products 1-3
2026-07-13 14:36:59,195 INFO o.a.j.t.JMeterThread: Thread started: Product Service - GET All Products 1-4
2026-07-13 14:36:59,393 INFO o.a.j.t.JMeterThread: Thread started: Product Service - GET All Products 1-5
2026-07-13 14:36:59,592 INFO o.a.j.t.JMeterThread: Thread started: Product Service - GET All Products 1-6
2026-07-13 14:36:59,789 INFO o.a.j.t.JMeterThread: Thread started: Product Service - GET All Products 1-7
2026-07-13 14:36:59,990 INFO o.a.j.t.JMeterThread: Thread started: Product Service - GET All Products 1-8
2026-07-13 14:37:00,189 INFO o.a.j.t.JMeterThread: Thread started: Product Service - GET All Products 1-9
2026-07-13 14:37:00,375 INFO o.a.j.r.Summariser: summary +      1 in 00:00:02 =    0.5/s Avg:   969 Min:   969 Max:   969 Err:     0 (0.00%) Active: 9 Started: 9 Finished: 0
2026-07-13 14:37:00,387 INFO o.a.j.t.JMeterThread: Thread started: Product Service - GET All Products 1-10
2026-07-13 14:37:09,389 INFO o.a.j.t.JMeterThread: Stopping because end time detected by thread: Product Service - GET All Products 1-10
2026-07-13 14:37:09,390 INFO o.a.j.t.JMeterThread: Thread finished: Product Service - GET All Products 1-10
2026-07-13 14:37:09,400 INFO o.a.j.t.JMeterThread: Stopping because end time detected by thread: Product Service - GET All Products 1-9
2026-07-13 14:37:09,401 INFO o.a.j.t.JMeterThread: Thread finished: Product Service - GET All Products 1-9
2026-07-13 14:37:09,434 INFO o.a.j.t.JMeterThread: Stopping because end time detected by thread: Product Service - GET All Products 1-1
2026-07-13 14:37:09,434 INFO o.a.j.t.JMeterThread: Thread finished: Product Service - GET All Products 1-1
2026-07-13 14:37:09,444 INFO o.a.j.t.JMeterThread: Stopping because end time detected by thread: Product Service - GET All Products 1-5
2026-07-13 14:37:09,444 INFO o.a.j.t.JMeterThread: Thread finished: Product Service - GET All Products 1-5
2026-07-13 14:37:09,455 INFO o.a.j.t.JMeterThread: Stopping because end time detected by thread: Product Service - GET All Products 1-2
2026-07-13 14:37:09,456 INFO o.a.j.t.JMeterThread: Thread finished: Product Service - GET All Products 1-2
2026-07-13 14:37:09,754 INFO o.a.j.t.JMeterThread: Stopping because end time detected by thread: Product Service - GET All Products 1-8
2026-07-13 14:37:09,756 INFO o.a.j.t.JMeterThread: Thread finished: Product Service - GET All Products 1-8
2026-07-13 14:37:09,767 INFO o.a.j.t.JMeterThread: Stopping because end time detected by thread: Product Service - GET All Products 1-6
2026-07-13 14:37:09,767 INFO o.a.j.t.JMeterThread: Thread finished: Product Service - GET All Products 1-6
2026-07-13 14:37:09,784 INFO o.a.j.t.JMeterThread: Stopping because end time detected by thread: Product Service - GET All Products 1-7
2026-07-13 14:37:09,784 INFO o.a.j.t.JMeterThread: Stopping because end time detected by thread: Product Service - GET All Products 1-3
2026-07-13 14:37:09,784 INFO o.a.j.t.JMeterThread: Thread finished: Product Service - GET All Products 1-7
2026-07-13 14:37:09,784 INFO o.a.j.t.JMeterThread: Thread finished: Product Service - GET All Products 1-3
2026-07-13 14:37:09,786 INFO o.a.j.t.JMeterThread: Stopping because end time detected by thread: Product Service - GET All Products 1-4
2026-07-13 14:37:09,787 INFO o.a.j.t.JMeterThread: Thread finished: Product Service - GET All Products 1-4
2026-07-13 14:37:09,789 INFO o.a.j.e.StandardJMeterEngine: Notifying test listeners of end of test
2026-07-13 14:37:09,807 INFO o.a.j.r.Summariser: summary +    155 in 00:00:09 =   16.4/s Avg:   642 Min:   147 Max:  2039 Err:     0 (0.00%) Active: 0 Started: 10 Finished: 10
2026-07-13 14:37:09,835 INFO o.a.j.r.Summariser: summary =    156 in 00:00:11 =   13.8/s Avg:   644 Min:   147 Max:  2039 Err:     0 (0.00%)
