2026-07-13 14:38:26,497 INFO o.a.j.u.JMeterUtils: Setting Locale to en_EN
2026-07-13 14:38:26,548 INFO o.a.j.JMeter: Loading user properties from: C:\Users\LENOVO L13 YOGA\AppData\Local\Temp\opencode\jmeter\apache-jmeter-5.6.3\bin\user.properties
2026-07-13 14:38:26,551 INFO o.a.j.JMeter: Loading system properties from: C:\Users\LENOVO L13 YOGA\AppData\Local\Temp\opencode\jmeter\apache-jmeter-5.6.3\bin\system.properties
2026-07-13 14:38:26,552 INFO o.a.j.JMeter: Setting JMeter property: concurrency=10
2026-07-13 14:38:26,552 INFO o.a.j.JMeter: Setting JMeter property: duration=10
2026-07-13 14:38:26,552 INFO o.a.j.JMeter: Setting JMeter property: rampup=2
2026-07-13 14:38:26,552 INFO o.a.j.JMeter: Setting JMeter property: target=api-gateway
2026-07-13 14:38:26,552 INFO o.a.j.JMeter: Setting JMeter property: port=8888
2026-07-13 14:38:26,552 INFO o.a.j.JMeter: Setting JMeter property: ACCESS_TOKEN=eyJhbGciOiJSUzI1NiIsInR5cCIgOiAiSldUIiwia2lkIiA6ICI0R2JZRXZhbkZLeFBwc01TbkNHc2hZT0NHMFI0RHFPVDZXRFlMQlNMWmxrIn0.eyJleHAiOjE3ODM5Mjg1MDQsImlhdCI6MTc4MzkyODIwNCwianRpIjoidHJydGNjOmM3YjJiNTc3LTczOGUtY2JkOS1lYjk3LTI2N2FhOTZmM2M4MyIsImlzcyI6Imh0dHA6Ly9rZXljbG9hazo4MDgwL3JlYWxtcy9zcHJpbmctYm9vdC1taWNyby1zZXJ2aWNlcy1yZWFsbSIsImF1ZCI6ImFjY291bnQiLCJzdWIiOiI2N2Q5MjlmOC02NjVkLTRmYWQtYjYwZC05MjE2NzYwNmY5YmMiLCJ0eXAiOiJCZWFyZXIiLCJhenAiOiJzcHJpbmctY2xvdWQtY2xpZW50IiwiYWNyIjoiMSIsImFsbG93ZWQtb3JpZ2lucyI6WyIvKiJdLCJyZWFsbV9hY2Nlc3MiOnsicm9sZXMiOlsiZGVmYXVsdC1yb2xlcy1zcHJpbmctYm9vdC1taWNyby1zZXJ2aWNlcy1yZWFsbSIsIm9mZmxpbmVfYWNjZXNzIiwidW1hX2F1dGhvcml6YXRpb24iXX0sInJlc291cmNlX2FjY2VzcyI6eyJhY2NvdW50Ijp7InJvbGVzIjpbIm1hbmFnZS1hY2NvdW50IiwibWFuYWdlLWFjY291bnQtbGlua3MiLCJ2aWV3LXByb2ZpbGUiXX19LCJzY29wZSI6InByb2ZpbGUgZW1haWwiLCJjbGllbnRIb3N0IjoiMTcyLjIzLjAuMSIsImVtYWlsX3ZlcmlmaWVkIjpmYWxzZSwicHJlZmVycmVkX3VzZXJuYW1lIjoic2VydmljZS1hY2NvdW50LXNwcmluZy1jbG91ZC1jbGllbnQiLCJjbGllbnRBZGRyZXNzIjoiMTcyLjIzLjAuMSIsImNsaWVudF9pZCI6InNwcmluZy1jbG91ZC1jbGllbnQifQ.M8v935l3lWdEcm9K71ag-TRooSoFj1gd6d6ShGF8Rz_5g6Nfpv1ZG6n7vmz95UvCiWGD5axmeYBXxe6HyGHmRBV-s9UAV2z3VzrsilycjH_1Fq3j9KGpc5CSixQjFSmsafoyZbuDYx8O4vdGbbWSsuLvlERcgjBVpfSvAWSDQRVQ5vc7QIi4dTG_UwinI7sYllg6I3dbZBKxeqUflvFLspugBdkNwk4jMbZaitNEXFtBM1SBsNLg7cY_KPqaHi4kB8iWAisc95XunF7E-R_xwY72oTwC7CrROK1cxG2fSTZKsKjj_je0EZebe6MHhuFQdBPCJLZsqaX8b3pCoP2HYQ
2026-07-13 14:38:26,552 INFO o.a.j.JMeter: Setting JMeter property: jtl-dir=D:\PROJECTS\springboot-irfan-mubasyir\benchmark\jmeter\results
2026-07-13 14:38:26,577 INFO o.a.j.JMeter: Copyright (c) 1998-2024 The Apache Software Foundation
2026-07-13 14:38:26,579 INFO o.a.j.JMeter: Version 5.6.3
2026-07-13 14:38:26,579 INFO o.a.j.JMeter: java.version=25.0.2
2026-07-13 14:38:26,579 INFO o.a.j.JMeter: java.vm.name=Java HotSpot(TM) 64-Bit Server VM
2026-07-13 14:38:26,579 INFO o.a.j.JMeter: os.name=Windows 11
2026-07-13 14:38:26,580 INFO o.a.j.JMeter: os.arch=amd64
2026-07-13 14:38:26,580 INFO o.a.j.JMeter: os.version=10.0
2026-07-13 14:38:26,581 INFO o.a.j.JMeter: file.encoding=UTF-8
2026-07-13 14:38:26,581 INFO o.a.j.JMeter: java.awt.headless=true
2026-07-13 14:38:26,581 INFO o.a.j.JMeter: Max memory     =1073741824
2026-07-13 14:38:26,581 INFO o.a.j.JMeter: Available Processors =8
2026-07-13 14:38:26,637 INFO o.a.j.JMeter: Default Locale=English (EN)
2026-07-13 14:38:26,638 INFO o.a.j.JMeter: JMeter  Locale=English (EN)
2026-07-13 14:38:26,638 INFO o.a.j.JMeter: JMeterHome=C:\Users\LENOVO L13 YOGA\AppData\Local\Temp\opencode\jmeter\apache-jmeter-5.6.3
2026-07-13 14:38:26,639 INFO o.a.j.JMeter: user.dir  =D:\PROJECTS\springboot-irfan-mubasyir\benchmark\jmeter
2026-07-13 14:38:26,640 INFO o.a.j.JMeter: PWD       =D:\PROJECTS\springboot-irfan-mubasyir\benchmark\jmeter
2026-07-13 14:38:26,641 INFO o.a.j.JMeter: IP: 10.11.198.241 Name: DESKTOP-CH2QFKL FullName: DESKTOP-CH2QFKL
2026-07-13 14:38:26,693 INFO o.a.j.s.FileServer: Default base='D:\PROJECTS\springboot-irfan-mubasyir\benchmark\jmeter'
2026-07-13 14:38:26,696 INFO o.a.j.s.FileServer: Set new base='D:\PROJECTS\springboot-irfan-mubasyir\benchmark\jmeter\plans'
2026-07-13 14:38:27,938 INFO o.a.j.s.SaveService: Testplan (JMX) version: 2.2. Testlog (JTL) version: 2.2
2026-07-13 14:38:28,038 INFO o.a.j.s.SaveService: Using SaveService properties version 5.0
2026-07-13 14:38:28,050 INFO o.a.j.s.SaveService: Using SaveService properties file encoding UTF-8
2026-07-13 14:38:28,057 INFO o.a.j.s.SaveService: Loading file: D:\PROJECTS\springboot-irfan-mubasyir\benchmark\jmeter\plans\post-create-product.jmx
2026-07-13 14:38:28,295 INFO o.a.j.p.h.s.HTTPSamplerBase: Parser for text/html is org.apache.jmeter.protocol.http.parser.LagartoBasedHtmlParser
2026-07-13 14:38:28,297 INFO o.a.j.p.h.s.HTTPSamplerBase: Parser for application/xhtml+xml is org.apache.jmeter.protocol.http.parser.LagartoBasedHtmlParser
2026-07-13 14:38:28,297 INFO o.a.j.p.h.s.HTTPSamplerBase: Parser for application/xml is org.apache.jmeter.protocol.http.parser.LagartoBasedHtmlParser
2026-07-13 14:38:28,298 INFO o.a.j.p.h.s.HTTPSamplerBase: Parser for text/xml is org.apache.jmeter.protocol.http.parser.LagartoBasedHtmlParser
2026-07-13 14:38:28,299 INFO o.a.j.p.h.s.HTTPSamplerBase: Parser for text/vnd.wap.wml is org.apache.jmeter.protocol.http.parser.RegexpHTMLParser
2026-07-13 14:38:28,299 INFO o.a.j.p.h.s.HTTPSamplerBase: Parser for text/css is org.apache.jmeter.protocol.http.parser.CssParser
2026-07-13 14:38:28,399 INFO o.a.j.JMeter: Creating summariser <summary>
2026-07-13 14:38:28,442 INFO o.a.j.e.StandardJMeterEngine: Running the test!
2026-07-13 14:38:28,445 INFO o.a.j.s.SampleEvent: List of sample_variables: []
2026-07-13 14:38:28,445 INFO o.a.j.s.SampleEvent: List of sample_variables: []
2026-07-13 14:38:28,459 INFO o.a.j.e.u.CompoundVariable: Note: Function class names must contain the string: '.functions.'
2026-07-13 14:38:28,459 INFO o.a.j.e.u.CompoundVariable: Note: Function class names must not contain the string: '.gui.'
2026-07-13 14:38:28,719 INFO o.a.j.JMeter: Running test (1783928308719)
2026-07-13 14:38:28,772 INFO o.a.j.e.StandardJMeterEngine: Starting ThreadGroup: 1 : Product Service - POST Create Product
2026-07-13 14:38:28,773 INFO o.a.j.e.StandardJMeterEngine: Starting 10 threads for group Product Service - POST Create Product.
2026-07-13 14:38:28,773 INFO o.a.j.e.StandardJMeterEngine: Thread will continue on error
2026-07-13 14:38:28,773 INFO o.a.j.t.ThreadGroup: Starting thread group... number=1 threads=10 ramp-up=2 delayedStart=false
2026-07-13 14:38:28,791 INFO o.a.j.t.JMeterThread: Thread started: Product Service - POST Create Product 1-1
2026-07-13 14:38:28,798 INFO o.a.j.t.ThreadGroup: Started thread group number 1
2026-07-13 14:38:28,798 INFO o.a.j.e.StandardJMeterEngine: All thread groups have been started
2026-07-13 14:38:28,838 INFO o.a.j.p.h.s.HTTPHCAbstractImpl: Local host = DESKTOP-CH2QFKL
2026-07-13 14:38:28,862 INFO o.a.j.p.h.s.HTTPHC4Impl: HTTP request retry count = 0
2026-07-13 14:38:28,868 INFO o.a.j.s.SampleResult: Note: Sample TimeStamps are START times
2026-07-13 14:38:28,868 INFO o.a.j.s.SampleResult: sampleresult.default.encoding is set to UTF-8
2026-07-13 14:38:28,868 INFO o.a.j.s.SampleResult: sampleresult.useNanoTime=true
2026-07-13 14:38:28,869 INFO o.a.j.s.SampleResult: sampleresult.nanoThreadSleep=5000
2026-07-13 14:38:28,989 INFO o.a.j.t.JMeterThread: Thread started: Product Service - POST Create Product 1-2
2026-07-13 14:38:29,182 INFO o.a.j.t.JMeterThread: Thread started: Product Service - POST Create Product 1-3
2026-07-13 14:38:29,380 INFO o.a.j.t.JMeterThread: Thread started: Product Service - POST Create Product 1-4
2026-07-13 14:38:29,588 INFO o.a.j.t.JMeterThread: Thread started: Product Service - POST Create Product 1-5
2026-07-13 14:38:29,783 INFO o.a.j.t.JMeterThread: Thread started: Product Service - POST Create Product 1-6
2026-07-13 14:38:29,980 INFO o.a.j.t.JMeterThread: Thread started: Product Service - POST Create Product 1-7
2026-07-13 14:38:30,011 INFO o.a.j.r.Summariser: summary +     84 in 00:00:01 =   65.3/s Avg:    43 Min:    16 Max:   228 Err:     0 (0.00%) Active: 7 Started: 7 Finished: 0
2026-07-13 14:38:30,186 INFO o.a.j.t.JMeterThread: Thread started: Product Service - POST Create Product 1-8
2026-07-13 14:38:30,382 INFO o.a.j.t.JMeterThread: Thread started: Product Service - POST Create Product 1-9
2026-07-13 14:38:30,591 INFO o.a.j.t.JMeterThread: Thread started: Product Service - POST Create Product 1-10
2026-07-13 14:38:38,849 INFO o.a.j.t.JMeterThread: Stopping because end time detected by thread: Product Service - POST Create Product 1-6
2026-07-13 14:38:38,850 INFO o.a.j.t.JMeterThread: Thread finished: Product Service - POST Create Product 1-6
2026-07-13 14:38:38,853 INFO o.a.j.t.JMeterThread: Stopping because end time detected by thread: Product Service - POST Create Product 1-3
2026-07-13 14:38:38,854 INFO o.a.j.t.JMeterThread: Stopping because end time detected by thread: Product Service - POST Create Product 1-2
2026-07-13 14:38:38,854 INFO o.a.j.t.JMeterThread: Thread finished: Product Service - POST Create Product 1-3
2026-07-13 14:38:38,854 INFO o.a.j.t.JMeterThread: Stopping because end time detected by thread: Product Service - POST Create Product 1-4
2026-07-13 14:38:38,854 INFO o.a.j.t.JMeterThread: Thread finished: Product Service - POST Create Product 1-2
2026-07-13 14:38:38,854 INFO o.a.j.t.JMeterThread: Thread finished: Product Service - POST Create Product 1-4
2026-07-13 14:38:38,855 INFO o.a.j.t.JMeterThread: Stopping because end time detected by thread: Product Service - POST Create Product 1-7
2026-07-13 14:38:38,855 INFO o.a.j.t.JMeterThread: Thread finished: Product Service - POST Create Product 1-7
2026-07-13 14:38:38,927 INFO o.a.j.t.JMeterThread: Stopping because end time detected by thread: Product Service - POST Create Product 1-5
2026-07-13 14:38:38,927 INFO o.a.j.t.JMeterThread: Thread finished: Product Service - POST Create Product 1-5
2026-07-13 14:38:38,962 INFO o.a.j.t.JMeterThread: Stopping because end time detected by thread: Product Service - POST Create Product 1-1
2026-07-13 14:38:38,962 INFO o.a.j.t.JMeterThread: Stopping because end time detected by thread: Product Service - POST Create Product 1-9
2026-07-13 14:38:38,963 INFO o.a.j.t.JMeterThread: Thread finished: Product Service - POST Create Product 1-1
2026-07-13 14:38:38,963 INFO o.a.j.t.JMeterThread: Thread finished: Product Service - POST Create Product 1-9
2026-07-13 14:38:39,040 INFO o.a.j.t.JMeterThread: Stopping because end time detected by thread: Product Service - POST Create Product 1-10
2026-07-13 14:38:39,040 INFO o.a.j.t.JMeterThread: Thread finished: Product Service - POST Create Product 1-10
2026-07-13 14:38:39,040 INFO o.a.j.t.JMeterThread: Stopping because end time detected by thread: Product Service - POST Create Product 1-8
2026-07-13 14:38:39,040 INFO o.a.j.t.JMeterThread: Thread finished: Product Service - POST Create Product 1-8
2026-07-13 14:38:39,042 INFO o.a.j.e.StandardJMeterEngine: Notifying test listeners of end of test
2026-07-13 14:38:39,048 INFO o.a.j.r.Summariser: summary +    776 in 00:00:09 =   85.8/s Avg:   112 Min:    23 Max:   751 Err:     0 (0.00%) Active: 0 Started: 10 Finished: 10
2026-07-13 14:38:39,050 INFO o.a.j.r.Summariser: summary =    860 in 00:00:10 =   83.3/s Avg:   105 Min:    16 Max:   751 Err:     0 (0.00%)
