2026-07-13 14:38:48,590 INFO o.a.j.u.JMeterUtils: Setting Locale to en_EN
2026-07-13 14:38:48,715 INFO o.a.j.JMeter: Loading user properties from: C:\Users\LENOVO L13 YOGA\AppData\Local\Temp\opencode\jmeter\apache-jmeter-5.6.3\bin\user.properties
2026-07-13 14:38:48,719 INFO o.a.j.JMeter: Loading system properties from: C:\Users\LENOVO L13 YOGA\AppData\Local\Temp\opencode\jmeter\apache-jmeter-5.6.3\bin\system.properties
2026-07-13 14:38:48,753 INFO o.a.j.JMeter: Copyright (c) 1998-2024 The Apache Software Foundation
2026-07-13 14:38:48,753 INFO o.a.j.JMeter: Version 5.6.3
2026-07-13 14:38:48,753 INFO o.a.j.JMeter: java.version=25.0.2
2026-07-13 14:38:48,753 INFO o.a.j.JMeter: java.vm.name=Java HotSpot(TM) 64-Bit Server VM
2026-07-13 14:38:48,753 INFO o.a.j.JMeter: os.name=Windows 11
2026-07-13 14:38:48,755 INFO o.a.j.JMeter: os.arch=amd64
2026-07-13 14:38:48,755 INFO o.a.j.JMeter: os.version=10.0
2026-07-13 14:38:48,756 INFO o.a.j.JMeter: file.encoding=UTF-8
2026-07-13 14:38:48,757 INFO o.a.j.JMeter: java.awt.headless=true
2026-07-13 14:38:48,757 INFO o.a.j.JMeter: Max memory     =1073741824
2026-07-13 14:38:48,757 INFO o.a.j.JMeter: Available Processors =8
2026-07-13 14:38:48,832 INFO o.a.j.JMeter: Default Locale=English (EN)
2026-07-13 14:38:48,835 INFO o.a.j.JMeter: JMeter  Locale=English (EN)
2026-07-13 14:38:48,835 INFO o.a.j.JMeter: JMeterHome=C:\Users\LENOVO L13 YOGA\AppData\Local\Temp\opencode\jmeter\apache-jmeter-5.6.3
2026-07-13 14:38:48,835 INFO o.a.j.JMeter: user.dir  =D:\PROJECTS\springboot-irfan-mubasyir\benchmark\jmeter
2026-07-13 14:38:48,837 INFO o.a.j.JMeter: PWD       =D:\PROJECTS\springboot-irfan-mubasyir\benchmark\jmeter
2026-07-13 14:38:48,837 INFO o.a.j.JMeter: IP: 10.11.198.241 Name: DESKTOP-CH2QFKL FullName: DESKTOP-CH2QFKL
2026-07-13 14:38:48,891 INFO o.a.j.JMeter: Setting property 'jmeter.reportgenerator.outputdir' to:'D:\PROJECTS\springboot-irfan-mubasyir\benchmark\jmeter\charts-graphs\post-create-product'
2026-07-13 14:38:48,906 INFO o.a.j.r.d.ReportGenerator: ReportGenerator will use for Parsing the separator: ','
2026-07-13 14:38:48,906 INFO o.a.j.r.d.ReportGenerator: Will only generate report from results file: D:\PROJECTS\springboot-irfan-mubasyir\benchmark\jmeter\results\post-create-product.jtl
2026-07-13 14:38:48,909 INFO o.a.j.r.d.ReportGenerator: Reading report generator properties from: C:\Users\LENOVO L13 YOGA\AppData\Local\Temp\opencode\jmeter\apache-jmeter-5.6.3\bin\reportgenerator.properties
2026-07-13 14:38:48,914 INFO o.a.j.r.d.ReportGenerator: Merging with JMeter properties
2026-07-13 14:38:48,945 INFO o.a.j.r.c.ReportGeneratorConfiguration: Property 'jmeter.reportgenerator.temp_dir' not found, using default value 'temp' instead.
2026-07-13 14:38:48,959 INFO o.a.j.r.c.ReportGeneratorConfiguration: Property 'jmeter.reportgenerator.apdex_per_transaction' not found, using default value 'null' instead.
2026-07-13 14:38:48,988 INFO o.a.j.r.c.ReportGeneratorConfiguration: apdex_per_transaction is empty, not APDEX per transaction customization
2026-07-13 14:38:48,990 INFO o.a.j.r.c.ReportGeneratorConfiguration: Property 'jmeter.reportgenerator.sample_filter' not found, using default value 'null' instead.
2026-07-13 14:38:48,991 INFO o.a.j.r.c.ReportGeneratorConfiguration: Property 'jmeter.reportgenerator.report_title' not found, using default value 'null' instead.
2026-07-13 14:38:48,991 INFO o.a.j.r.c.ReportGeneratorConfiguration: Property 'jmeter.reportgenerator.start_date' not found, using default value 'null' instead.
2026-07-13 14:38:48,991 INFO o.a.j.r.c.ReportGeneratorConfiguration: Property 'jmeter.reportgenerator.end_date' not found, using default value 'null' instead.
2026-07-13 14:38:48,991 INFO o.a.j.r.c.ReportGeneratorConfiguration: Property 'jmeter.reportgenerator.date_format' not found, using default value 'null' instead.
2026-07-13 14:38:48,991 INFO o.a.j.r.c.ReportGeneratorConfiguration: Will use date range start date: null, end date: null
2026-07-13 14:38:49,008 INFO o.a.j.r.c.ReportGeneratorConfiguration: Property 'jmeter.reportgenerator.graph.totalTPS.exclude_controllers' not found, using default value 'false' instead.
2026-07-13 14:38:49,009 INFO o.a.j.r.c.ReportGeneratorConfiguration: Property 'jmeter.reportgenerator.graph.activeThreadsOverTime.exclude_controllers' not found, using default value 'false' instead.
2026-07-13 14:38:49,011 INFO o.a.j.r.c.ReportGeneratorConfiguration: Property 'jmeter.reportgenerator.graph.timeVsThreads.exclude_controllers' not found, using default value 'false' instead.
2026-07-13 14:38:49,011 INFO o.a.j.r.c.ReportGeneratorConfiguration: Property 'jmeter.reportgenerator.graph.responseTimeDistribution.exclude_controllers' not found, using default value 'false' instead.
2026-07-13 14:38:49,011 INFO o.a.j.r.c.ReportGeneratorConfiguration: Property 'jmeter.reportgenerator.graph.transactionsPerSecond.exclude_controllers' not found, using default value 'false' instead.
2026-07-13 14:38:49,011 INFO o.a.j.r.c.ReportGeneratorConfiguration: Property 'jmeter.reportgenerator.graph.responseTimePercentiles.exclude_controllers' not found, using default value 'false' instead.
2026-07-13 14:38:49,011 INFO o.a.j.r.c.ReportGeneratorConfiguration: Property 'jmeter.reportgenerator.graph.responseTimePercentilesOverTime.exclude_controllers' not found, using default value 'false' instead.
2026-07-13 14:38:49,013 INFO o.a.j.r.c.ReportGeneratorConfiguration: Property 'jmeter.reportgenerator.graph.responseTimesOverTime.exclude_controllers' not found, using default value 'false' instead.
2026-07-13 14:38:49,015 INFO o.a.j.r.c.ReportGeneratorConfiguration: Property 'jmeter.reportgenerator.graph.connectTimeOverTime.exclude_controllers' not found, using default value 'false' instead.
2026-07-13 14:38:49,016 INFO o.a.j.r.c.ReportGeneratorConfiguration: Property 'jmeter.reportgenerator.graph.latenciesOverTime.exclude_controllers' not found, using default value 'false' instead.
2026-07-13 14:38:49,019 INFO o.a.j.r.c.ReportGeneratorConfiguration: Property 'jmeter.reportgenerator.exporter.json.filters_only_sample_series' not found, using default value 'true' instead.
2026-07-13 14:38:49,019 INFO o.a.j.r.c.ReportGeneratorConfiguration: Property 'jmeter.reportgenerator.exporter.json.series_filter' not found, using default value '' instead.
2026-07-13 14:38:49,019 INFO o.a.j.r.c.ReportGeneratorConfiguration: Property 'jmeter.reportgenerator.exporter.json.show_controllers_only' not found, using default value 'false' instead.
2026-07-13 14:38:49,021 INFO o.a.j.r.c.ReportGeneratorConfiguration: Property 'jmeter.reportgenerator.exporter.html.filters_only_sample_series' not found, using default value 'true' instead.
2026-07-13 14:38:49,023 INFO o.a.j.r.c.ReportGeneratorConfiguration: Property 'jmeter.reportgenerator.exporter.html.series_filter' not found, using default value '' instead.
2026-07-13 14:38:49,023 INFO o.a.j.r.c.ReportGeneratorConfiguration: Property 'jmeter.reportgenerator.exporter.html.show_controllers_only' not found, using default value 'false' instead.
2026-07-13 14:38:51,138 INFO o.a.j.s.SaveService: Testplan (JMX) version: 2.2. Testlog (JTL) version: 2.2
2026-07-13 14:38:51,396 INFO o.a.j.s.SaveService: Using SaveService properties version 5.0
2026-07-13 14:38:51,479 INFO o.a.j.s.SaveService: Using SaveService properties file encoding UTF-8
2026-07-13 14:38:51,695 INFO o.a.j.r.p.NormalizerSampleConsumer: Using format, 'ms', to parse timeStamp field
2026-07-13 14:38:53,547 INFO o.a.j.r.p.AbstractSampleConsumer: class org.apache.jmeter.report.processor.AggregateConsumer#stopProducing(): beginDate produced 0 samples
2026-07-13 14:38:53,547 INFO o.a.j.r.p.AbstractSampleConsumer: class org.apache.jmeter.report.processor.AggregateConsumer#stopProducing(): endDate produced 0 samples
2026-07-13 14:38:53,554 INFO o.a.j.r.p.AbstractSampleConsumer: class org.apache.jmeter.report.processor.ApdexSummaryConsumer#stopProducing(): apdexSummary produced 0 samples
2026-07-13 14:38:53,554 INFO o.a.j.r.p.AbstractSampleConsumer: class org.apache.jmeter.report.processor.RequestsSummaryConsumer#stopProducing(): requestsSummary produced 0 samples
2026-07-13 14:38:53,594 INFO o.a.j.r.p.AbstractSampleConsumer: class org.apache.jmeter.report.processor.StatisticsSummaryConsumer#stopProducing(): statisticsSummary produced 0 samples
2026-07-13 14:38:53,610 INFO o.a.j.r.p.AbstractSampleConsumer: class org.apache.jmeter.report.processor.Top5ErrorsBySamplerConsumer#stopProducing(): top5ErrorsBySampler produced 0 samples
2026-07-13 14:38:53,611 INFO o.a.j.r.p.AbstractSampleConsumer: class org.apache.jmeter.report.processor.ErrorsSummaryConsumer#stopProducing(): errorsSummary produced 0 samples
2026-07-13 14:38:53,611 INFO o.a.j.r.p.AbstractSampleConsumer: class org.apache.jmeter.report.processor.graph.impl.HitsPerSecondGraphConsumer#stopProducing(): hitsPerSecond produced 0 samples
2026-07-13 14:38:53,974 INFO o.a.j.r.p.AbstractSampleConsumer: class org.apache.jmeter.report.processor.graph.impl.LatencyVSRequestGraphConsumer#stopProducing(): latencyVsRequest produced 0 samples
2026-07-13 14:38:53,979 INFO o.a.j.r.p.AbstractSampleConsumer: class org.apache.jmeter.report.processor.graph.impl.SyntheticResponseTimeDistributionGraphConsumer#stopProducing(): syntheticResponseTimeDistribution produced 0 samples
2026-07-13 14:38:53,983 INFO o.a.j.r.p.AbstractSampleConsumer: class org.apache.jmeter.report.processor.graph.impl.BytesThroughputGraphConsumer#stopProducing(): bytesThroughputOverTime produced 0 samples
2026-07-13 14:38:53,992 INFO o.a.j.r.p.AbstractSampleConsumer: class org.apache.jmeter.report.processor.graph.impl.CodesPerSecondGraphConsumer#stopProducing(): codesPerSecond produced 0 samples
2026-07-13 14:38:54,127 INFO o.a.j.r.p.AbstractSampleConsumer: class org.apache.jmeter.report.processor.graph.impl.ResponseTimeVSRequestGraphConsumer#stopProducing(): responseTimeVsRequest produced 0 samples
2026-07-13 14:38:54,129 INFO o.a.j.r.p.AbstractSampleConsumer: class org.apache.jmeter.report.processor.FilterConsumer#stopProducing(): startIntervalControlerFilter produced 6020 samples
2026-07-13 14:38:54,129 INFO o.a.j.r.p.AbstractSampleConsumer: class org.apache.jmeter.report.processor.graph.impl.TotalTPSGraphConsumer#stopProducing(): totalTPS produced 0 samples
2026-07-13 14:38:54,129 INFO o.a.j.r.p.AbstractSampleConsumer: class org.apache.jmeter.report.processor.graph.impl.ActiveThreadsGraphConsumer#stopProducing(): activeThreadsOverTime produced 0 samples
2026-07-13 14:38:54,129 INFO o.a.j.r.p.AbstractSampleConsumer: class org.apache.jmeter.report.processor.graph.impl.TimeVSThreadGraphConsumer#stopProducing(): timeVsThreads produced 0 samples
2026-07-13 14:38:54,131 INFO o.a.j.r.p.AbstractSampleConsumer: class org.apache.jmeter.report.processor.graph.impl.ResponseTimeDistributionGraphConsumer#stopProducing(): responseTimeDistribution produced 0 samples
2026-07-13 14:38:54,131 INFO o.a.j.r.p.AbstractSampleConsumer: class org.apache.jmeter.report.processor.graph.impl.TransactionsPerSecondGraphConsumer#stopProducing(): transactionsPerSecond produced 0 samples
2026-07-13 14:38:54,132 INFO o.a.j.r.p.AbstractSampleConsumer: class org.apache.jmeter.report.processor.graph.impl.ResponseTimePercentilesGraphConsumer#stopProducing(): responseTimePercentiles produced 0 samples
2026-07-13 14:38:54,136 INFO o.a.j.r.p.AbstractSampleConsumer: class org.apache.jmeter.report.processor.graph.impl.ResponseTimePercentilesOverTimeGraphConsumer#stopProducing(): responseTimePercentilesOverTime produced 0 samples
2026-07-13 14:38:54,138 INFO o.a.j.r.p.AbstractSampleConsumer: class org.apache.jmeter.report.processor.graph.impl.ResponseTimeOverTimeGraphConsumer#stopProducing(): responseTimesOverTime produced 0 samples
2026-07-13 14:38:54,138 INFO o.a.j.r.p.AbstractSampleConsumer: class org.apache.jmeter.report.processor.graph.impl.ConnectTimeOverTimeGraphConsumer#stopProducing(): connectTimeOverTime produced 0 samples
2026-07-13 14:38:54,138 INFO o.a.j.r.p.AbstractSampleConsumer: class org.apache.jmeter.report.processor.graph.impl.LatencyOverTimeGraphConsumer#stopProducing(): latenciesOverTime produced 0 samples
2026-07-13 14:38:54,139 INFO o.a.j.r.p.AbstractSampleConsumer: class org.apache.jmeter.report.processor.FilterConsumer#stopProducing(): nameFilter produced 12900 samples
2026-07-13 14:38:54,139 INFO o.a.j.r.p.AbstractSampleConsumer: class org.apache.jmeter.report.processor.FilterConsumer#stopProducing(): dateRangeFilter produced 2580 samples
2026-07-13 14:38:54,139 INFO o.a.j.r.p.AbstractSampleConsumer: class org.apache.jmeter.report.processor.NormalizerSampleConsumer#stopProducing(): normalizer produced 860 samples
2026-07-13 14:38:54,140 INFO o.a.j.r.p.CsvFileSampleSource: produce(): 860 samples produced in 2s 263 ms on channel 0
2026-07-13 14:38:54,140 INFO o.a.j.r.d.ReportGenerator: Exporting data using exporter:'json' of className:'org.apache.jmeter.report.dashboard.JsonExporter'
2026-07-13 14:38:54,881 INFO o.a.j.r.d.JsonExporter: Found data for consumer statisticsSummary in context
2026-07-13 14:38:54,881 INFO o.a.j.r.d.JsonExporter: Creating statistics for overall
2026-07-13 14:38:54,884 INFO o.a.j.r.d.JsonExporter: Creating statistics for other transactions
2026-07-13 14:38:54,886 INFO o.a.j.r.d.JsonExporter: Checking output folder
2026-07-13 14:38:54,887 INFO o.a.j.r.d.JsonExporter: Writing statistics JSON to D:\PROJECTS\springboot-irfan-mubasyir\benchmark\jmeter\charts-graphs\post-create-product\statistics.json
2026-07-13 14:38:55,507 INFO o.a.j.r.d.ReportGenerator: Exporting data using exporter:'html' of className:'org.apache.jmeter.report.dashboard.HtmlTemplateExporter'
2026-07-13 14:38:55,528 INFO o.a.j.r.d.HtmlTemplateExporter: Will generate dashboard in folder: D:\PROJECTS\springboot-irfan-mubasyir\benchmark\jmeter\charts-graphs\post-create-product
2026-07-13 14:38:56,107 INFO o.a.j.r.d.HtmlTemplateExporter: Report will be generated in: D:\PROJECTS\springboot-irfan-mubasyir\benchmark\jmeter\charts-graphs\post-create-product, creating folder structure
2026-07-13 14:38:56,120 INFO o.a.j.r.d.TemplateVisitor: Copying folder from 'C:\Users\LENOVO L13 YOGA\AppData\Local\Temp\opencode\jmeter\apache-jmeter-5.6.3\bin\report-template' to 'D:\PROJECTS\springboot-irfan-mubasyir\benchmark\jmeter\charts-graphs\post-create-product', got message: D:\PROJECTS\springboot-irfan-mubasyir\benchmark\jmeter\charts-graphs\post-create-product, found non empty folder with following content [D:\PROJECTS\springboot-irfan-mubasyir\benchmark\jmeter\charts-graphs\post-create-product\statistics.json], will be ignored
